2022-03-07 10:22:44 [    INFO] ====== WebDriver manager ====== (logger.py:22)
2022-03-07 10:22:44 [    INFO] Current google-chrome version is 98.0.4758 (logger.py:12)
2022-03-07 10:22:44 [    INFO] Get LATEST driver version for 98.0.4758 (logger.py:12)
2022-03-07 10:22:45 [    INFO] Driver [C:\Users\vimal\.wdm\drivers\chromedriver\win32\98.0.4758.102\chromedriver.exe] found in cache (logger.py:12)
2022-03-07 10:22:47 [    INFO] Navigating url (conftest.py:10)
2022-03-07 10:22:47 [    INFO] navigating to cyber attack page (test_validation.py:5)
2022-03-07 10:22:48 [    INFO] finding text [<selenium.webdriver.remote.webelement.WebElement (session="5a5dad43345413466ab649314a186ac7", element="ace0235c-b6b7-4574-a2f1-3d5538423c9b")>] (test_validation.py:11)
2022-03-07 10:22:48 [    INFO] names text ['XSS'] (test_validation.py:13)
2022-03-07 10:22:49 [    INFO] finding text [<selenium.webdriver.remote.webelement.WebElement (session="5a5dad43345413466ab649314a186ac7", element="d61f442d-2c93-491a-ab17-9202386c9913")>] (test_validation.py:11)
2022-03-07 10:22:49 [    INFO] names text ['Phishing'] (test_validation.py:13)
2022-03-07 10:22:50 [    INFO] finding text [<selenium.webdriver.remote.webelement.WebElement (session="5a5dad43345413466ab649314a186ac7", element="cec649d0-f90b-4f7a-9cd9-b580d079c5ec")>] (test_validation.py:11)
2022-03-07 10:22:50 [    INFO] names text ['Session hijack'] (test_validation.py:13)
2022-03-07 10:22:51 [    INFO] finding text [<selenium.webdriver.remote.webelement.WebElement (session="5a5dad43345413466ab649314a186ac7", element="ef192850-f69d-4a37-bfcf-a8c4872b51ed")>] (test_validation.py:11)
2022-03-07 10:22:51 [    INFO] names text ['SQL Injection'] (test_validation.py:13)
2022-03-07 10:22:52 [    INFO] finding text [<selenium.webdriver.remote.webelement.WebElement (session="5a5dad43345413466ab649314a186ac7", element="f6417ccc-6aa0-463b-aa80-1b04d80244c7")>] (test_validation.py:11)
2022-03-07 10:22:52 [    INFO] names text ['Password attack'] (test_validation.py:13)
2022-03-07 10:22:55 [    INFO] name {'Name': 'Password attack', 'Number of cases': 3285000000, 'Impact score': 5.0, 'Complexity': 1} (test_validation.py:31)
2022-03-07 10:22:55 [    INFO] all_data [{'Name': 'Password attack', 'Number of cases': 3285000000, 'Impact score': 5.0, 'Complexity': 1}] (test_validation.py:33)
2022-03-07 10:22:55 [    INFO] get_name all_data [{'Name': 'Password attack', 'Number of cases': 3285000000, 'Impact score': 5.0, 'Complexity': 1}] (test_validation.py:52)
2022-03-07 10:22:55 [    INFO] get_complex all_data [{'Name': 'Password attack', 'Number of cases': 3285000000, 'Impact score': 5.0, 'Complexity': 1}] (test_validation.py:54)
2022-03-07 10:22:55 [    INFO] get_score all_data [{'Name': 'Password attack', 'Number of cases': 3285000000, 'Impact score': 5.0, 'Complexity': 1}] (test_validation.py:56)
2022-03-07 10:22:55 [    INFO] get_cases all_data [{'Name': 'Password attack', 'Number of cases': 3285000000, 'Impact score': 5.0, 'Complexity': 1}] (test_validation.py:58)
2022-03-07 10:22:57 [    INFO] sorted name ['Password attack'] (test_validation.py:65)
2022-03-07 10:22:59 [    INFO] finding text ['Password attack'] (test_validation.py:71)
2022-03-07 10:22:59 [    INFO] get_name all_data ['Password attack'] (test_validation.py:94)
2022-03-07 10:22:59 [    INFO] names text ['Password attack'] (test_validation.py:95)
2022-03-07 10:23:02 [    INFO] sorted name ['Password attack'] (test_validation.py:65)
2022-03-07 10:23:05 [    INFO] finding text [3285000000] (test_validation.py:79)
2022-03-07 10:23:05 [    INFO] get_name all_data [3285000000] (test_validation.py:94)
2022-03-07 10:23:05 [    INFO] names text [3285000000] (test_validation.py:95)
2022-03-07 10:23:08 [    INFO] sorted name ['Password attack'] (test_validation.py:65)
2022-03-07 10:23:10 [    INFO] finding text [5.0] (test_validation.py:85)
2022-03-07 10:23:10 [    INFO] get_name all_data [5.0] (test_validation.py:94)
2022-03-07 10:23:10 [    INFO] names text [5.0] (test_validation.py:95)
2022-03-07 10:23:13 [    INFO] sorted name ['Password attack'] (test_validation.py:65)
2022-03-07 10:23:15 [    INFO] finding text [1] (test_validation.py:91)
2022-03-07 10:23:15 [    INFO] get_name all_data [1] (test_validation.py:94)
2022-03-07 10:23:15 [    INFO] names text [1] (test_validation.py:95)
2022-03-07 10:23:18 [    INFO] ====== WebDriver manager ====== (logger.py:12)
2022-03-07 10:23:18 [    INFO] Current google-chrome version is 98.0.4758 (logger.py:12)
2022-03-07 10:23:18 [    INFO] Get LATEST driver version for 98.0.4758 (logger.py:12)
2022-03-07 10:23:18 [    INFO] Driver [C:\Users\vimal\.wdm\drivers\chromedriver\win32\98.0.4758.102\chromedriver.exe] found in cache (logger.py:12)
2022-03-07 10:23:21 [    INFO] Navigating url (conftest.py:10)
2022-03-07 10:23:21 [    INFO] navigating to cyber attack page (test_validation.py:5)
2022-03-07 10:23:26 [    INFO] name {'Name': 'Man in the Middle', 'Number of cases': 95000, 'Impact score': 8.12, 'Complexity': 3} (test_validation.py:19)
2022-03-07 10:23:26 [    INFO] name {'Name': 'Password attack', 'Number of cases': 3285000000, 'Impact score': 5.0, 'Complexity': 1} (test_validation.py:19)
2022-03-07 10:23:27 [    INFO] name {'Name': 'Phishing', 'Number of cases': 2512000000, 'Impact score': 7.18, 'Complexity': 1} (test_validation.py:19)
2022-03-07 10:23:27 [    INFO] name {'Name': 'Session hijack', 'Number of cases': 9024, 'Impact score': 5.79, 'Complexity': 3} (test_validation.py:19)
2022-03-07 10:23:27 [    INFO] name {'Name': 'SQL Injection', 'Number of cases': 125000000, 'Impact score': 10.21, 'Complexity': 2} (test_validation.py:19)
2022-03-07 10:23:27 [    INFO] name {'Name': 'XSS', 'Number of cases': 29850, 'Impact score': 2.19, 'Complexity': 1} (test_validation.py:19)
2022-03-07 10:23:27 [    INFO] all_data [{'Name': 'Man in the Middle', 'Number of cases': 95000, 'Impact score': 8.12, 'Complexity': 3}, {'Name': 'Password attack', 'Number of cases': 3285000000, 'Impact score': 5.0, 'Complexity': 1}, {'Name': 'Phishing', 'Number of cases': 2512000000, 'Impact score': 7.18, 'Complexity': 1}, {'Name': 'Session hijack', 'Number of cases': 9024, 'Impact score': 5.79, 'Complexity': 3}, {'Name': 'SQL Injection', 'Number of cases': 125000000, 'Impact score': 10.21, 'Complexity': 2}, {'Name': 'XSS', 'Number of cases': 29850, 'Impact score': 2.19, 'Complexity': 1}] (test_validation.py:21)
2022-03-07 10:23:27 [    INFO] get_name all_data [{'Name': 'Man in the Middle', 'Number of cases': 95000, 'Impact score': 8.12, 'Complexity': 3}, {'Name': 'Password attack', 'Number of cases': 3285000000, 'Impact score': 5.0, 'Complexity': 1}, {'Name': 'Phishing', 'Number of cases': 2512000000, 'Impact score': 7.18, 'Complexity': 1}, {'Name': 'SQL Injection', 'Number of cases': 125000000, 'Impact score': 10.21, 'Complexity': 2}, {'Name': 'Session hijack', 'Number of cases': 9024, 'Impact score': 5.79, 'Complexity': 3}, {'Name': 'XSS', 'Number of cases': 29850, 'Impact score': 2.19, 'Complexity': 1}] (test_validation.py:40)
2022-03-07 10:23:27 [    INFO] get_complex all_data [{'Name': 'Password attack', 'Number of cases': 3285000000, 'Impact score': 5.0, 'Complexity': 1}, {'Name': 'Phishing', 'Number of cases': 2512000000, 'Impact score': 7.18, 'Complexity': 1}, {'Name': 'XSS', 'Number of cases': 29850, 'Impact score': 2.19, 'Complexity': 1}, {'Name': 'SQL Injection', 'Number of cases': 125000000, 'Impact score': 10.21, 'Complexity': 2}, {'Name': 'Man in the Middle', 'Number of cases': 95000, 'Impact score': 8.12, 'Complexity': 3}, {'Name': 'Session hijack', 'Number of cases': 9024, 'Impact score': 5.79, 'Complexity': 3}] (test_validation.py:42)
2022-03-07 10:23:27 [    INFO] get_score all_data [{'Name': 'XSS', 'Number of cases': 29850, 'Impact score': 2.19, 'Complexity': 1}, {'Name': 'Password attack', 'Number of cases': 3285000000, 'Impact score': 5.0, 'Complexity': 1}, {'Name': 'Session hijack', 'Number of cases': 9024, 'Impact score': 5.79, 'Complexity': 3}, {'Name': 'Phishing', 'Number of cases': 2512000000, 'Impact score': 7.18, 'Complexity': 1}, {'Name': 'Man in the Middle', 'Number of cases': 95000, 'Impact score': 8.12, 'Complexity': 3}, {'Name': 'SQL Injection', 'Number of cases': 125000000, 'Impact score': 10.21, 'Complexity': 2}] (test_validation.py:44)
2022-03-07 10:23:27 [    INFO] get_cases all_data [{'Name': 'Session hijack', 'Number of cases': 9024, 'Impact score': 5.79, 'Complexity': 3}, {'Name': 'XSS', 'Number of cases': 29850, 'Impact score': 2.19, 'Complexity': 1}, {'Name': 'Man in the Middle', 'Number of cases': 95000, 'Impact score': 8.12, 'Complexity': 3}, {'Name': 'SQL Injection', 'Number of cases': 125000000, 'Impact score': 10.21, 'Complexity': 2}, {'Name': 'Phishing', 'Number of cases': 2512000000, 'Impact score': 7.18, 'Complexity': 1}, {'Name': 'Password attack', 'Number of cases': 3285000000, 'Impact score': 5.0, 'Complexity': 1}] (test_validation.py:46)
2022-03-07 10:23:29 [    INFO] sorted name ['Man in the Middle', 'Password attack', 'Phishing', 'Session hijack', 'SQL Injection', 'XSS'] (test_validation.py:53)
2022-03-07 10:23:31 [    INFO] finding text ['Man in the Middle', 'Password attack', 'Phishing', 'Session hijack', 'SQL Injection', 'XSS'] (test_validation.py:59)
2022-03-07 10:23:31 [    INFO] get_name all_data ['Man in the Middle', 'Password attack', 'Phishing', 'SQL Injection', 'Session hijack', 'XSS'] (test_validation.py:82)
2022-03-07 10:23:31 [    INFO] names text ['Man in the Middle', 'Password attack', 'Phishing', 'Session hijack', 'SQL Injection', 'XSS'] (test_validation.py:83)
2022-03-07 10:23:34 [    INFO] sorted name ['Man in the Middle', 'Password attack', 'Phishing', 'Session hijack', 'SQL Injection', 'XSS'] (test_validation.py:53)
2022-03-07 10:23:36 [    INFO] finding text [9024, 29850, 95000, 125000000, 2512000000, 3285000000] (test_validation.py:67)
2022-03-07 10:23:36 [    INFO] get_name all_data [9024, 29850, 95000, 125000000, 2512000000, 3285000000] (test_validation.py:82)
2022-03-07 10:23:36 [    INFO] names text [9024, 29850, 95000, 125000000, 2512000000, 3285000000] (test_validation.py:83)
2022-03-07 10:23:39 [    INFO] sorted name ['Session hijack', 'XSS', 'Man in the Middle', 'SQL Injection', 'Phishing', 'Password attack'] (test_validation.py:53)
2022-03-07 10:23:42 [    INFO] finding text [2.19, 5.0, 5.79, 7.18, 8.12, 10.21] (test_validation.py:73)
2022-03-07 10:23:42 [    INFO] get_name all_data [2.19, 5.0, 5.79, 7.18, 8.12, 10.21] (test_validation.py:82)
2022-03-07 10:23:42 [    INFO] names text [2.19, 5.0, 5.79, 7.18, 8.12, 10.21] (test_validation.py:83)
2022-03-07 10:23:45 [    INFO] sorted name ['XSS', 'Password attack', 'Session hijack', 'Phishing', 'Man in the Middle', 'SQL Injection'] (test_validation.py:53)
2022-03-07 10:23:47 [    INFO] finding text [1, 1, 1, 2, 3, 3] (test_validation.py:79)
2022-03-07 10:23:47 [    INFO] get_name all_data [1, 1, 1, 2, 3, 3] (test_validation.py:82)
2022-03-07 10:23:47 [    INFO] names text [1, 1, 1, 2, 3, 3] (test_validation.py:83)
